
/home/runner/work/exp-beam-and-slab-using-flex-system-iitd/exp-beam-and-slab-using-flex-system-iitd/experiment/simulation/final_styling/fix_styling.js
  17:5  warning  '$' is not defined  no-undef
  81:7  warning  '$' is not defined  no-undef
  85:7  warning  '$' is not defined  no-undef
  86:7  warning  '$' is not defined  no-undef
  93:1  warning  '$' is not defined  no-undef

/home/runner/work/exp-beam-and-slab-using-flex-system-iitd/exp-beam-and-slab-using-flex-system-iitd/experiment/simulation/js/anime.min.js
  8:69    warning  'module' is not defined                                                    no-undef
  8:115   warning  'define' is not defined                                                    no-undef
  8:126   warning  'define' is not defined                                                    no-undef
  8:913   warning  Do not access Object.prototype method 'hasOwnProperty' from target object  no-prototype-builtins
  8:1477  warning  Do not access Object.prototype method 'hasOwnProperty' from target object  no-prototype-builtins
  8:1499  warning  Do not access Object.prototype method 'hasOwnProperty' from target object  no-prototype-builtins
  8:4944  warning  Do not access Object.prototype method 'hasOwnProperty' from target object  no-prototype-builtins
  8:5090  warning  Expected a conditional expression and instead saw an assignment            no-cond-assign
  8:6945  warning  Expected a conditional expression and instead saw an assignment            no-cond-assign

/home/runner/work/exp-beam-and-slab-using-flex-system-iitd/exp-beam-and-slab-using-flex-system-iitd/experiment/simulation/js/jquery.min.js
  2:71     warning  'module' is not defined                                                    no-undef
  2:86     warning  'module' is not defined                                                    no-undef
  2:3270   warning  Expected a conditional expression and instead saw an assignment            no-cond-assign
  2:4597   warning  Unexpected control character(s) in regular expression: \x1f                no-control-regex
  2:6820   warning  Expected a conditional expression and instead saw an assignment            no-cond-assign
  2:7258   warning  Expected a conditional expression and instead saw an assignment            no-cond-assign
  2:9646   warning  Expected a conditional expression and instead saw an assignment            no-cond-assign
  2:11943  warning  Expected a conditional expression and instead saw an assignment            no-cond-assign
  2:13856  warning  Expected a conditional expression and instead saw an assignment            no-cond-assign
  2:14066  warning  Expected a conditional expression and instead saw an assignment            no-cond-assign
  2:14224  warning  Expected a conditional expression and instead saw an assignment            no-cond-assign
  2:14540  warning  Do not access Object.prototype method 'hasOwnProperty' from target object  no-prototype-builtins
  2:15232  warning  Expected a conditional expression and instead saw an assignment            no-cond-assign
  2:15588  warning  Empty block statement                                                      no-empty
  2:17443  warning  Expected a conditional expression and instead saw an assignment            no-cond-assign
  2:17541  warning  Expected a conditional expression and instead saw an assignment            no-cond-assign
  2:17601  warning  Expected a conditional expression and instead saw an assignment            no-cond-assign
  2:17728  warning  Expected a conditional expression and instead saw an assignment            no-cond-assign
  2:18898  warning  Expected a conditional expression and instead saw an assignment            no-cond-assign
  2:19630  warning  Expected a conditional expression and instead saw an assignment            no-cond-assign
  2:19743  warning  Expected a conditional expression and instead saw an assignment            no-cond-assign
  2:21298  warning  Unnecessary escape character: \/                                           no-useless-escape
  2:31055  warning  Empty block statement                                                      no-empty
  2:34816  warning  Unnecessary escape character: \/                                           no-useless-escape
  2:36474  warning  Expected a conditional expression and instead saw an assignment            no-cond-assign
  2:36590  warning  Expected a conditional expression and instead saw an assignment            no-cond-assign
  2:43519  warning  Expected a conditional expression and instead saw an assignment            no-cond-assign
  2:47142  warning  Expected a conditional expression and instead saw an assignment            no-cond-assign
  2:48710  warning  Empty block statement                                                      no-empty
  2:57439  warning  Expected a conditional expression and instead saw an assignment            no-cond-assign
  2:58614  warning  Expected a conditional expression and instead saw an assignment            no-cond-assign
  2:64312  warning  Expected a conditional expression and instead saw an assignment            no-cond-assign
  2:67209  warning  Expected a conditional expression and instead saw an assignment            no-cond-assign
  2:68903  warning  Empty block statement                                                      no-empty
  2:72295  warning  Expected a conditional expression and instead saw an assignment            no-cond-assign
  2:73901  warning  Expected a conditional expression and instead saw an assignment            no-cond-assign
  2:74681  warning  'r.href' is assigned to itself                                             no-self-assign
  2:79557  warning  Empty block statement                                                      no-empty
  2:82697  warning  Expected a conditional expression and instead saw an assignment            no-cond-assign
  2:87218  warning  'define' is not defined                                                    no-undef
  2:87230  warning  'define' is not defined                                                    no-undef

/home/runner/work/exp-beam-and-slab-using-flex-system-iitd/exp-beam-and-slab-using-flex-system-iitd/experiment/simulation/js/layout.js
   9:10  warning  'nextDrawerItem' is defined but never used  no-unused-vars
  18:3   warning  'get' is not defined                        no-undef
  21:10  warning  'backDrawerItem' is defined but never used  no-unused-vars
  97:7   warning  'anime' is not defined                      no-undef

/home/runner/work/exp-beam-and-slab-using-flex-system-iitd/exp-beam-and-slab-using-flex-system-iitd/experiment/simulation/js/main.js
   170:7   warning  'ChartGraph' is assigned a value but never used     no-unused-vars
   174:6   warning  'Graph1' is not defined                             no-undef
   178:6   warning  'Graph2' is not defined                             no-undef
   182:6   warning  'Graph3' is not defined                             no-undef
   186:6   warning  'Graph4' is not defined                             no-undef
   202:23  warning  'Chart' is not defined                              no-undef
   236:5   warning  'isPerformNext' is assigned a value but never used  no-unused-vars
   282:7   warning  'opacity' is assigned a value but never used        no-unused-vars
   288:7   warning  'hideAll' is assigned a value but never used        no-unused-vars
   288:28  warning  'disp' is assigned a value but never used           no-unused-vars
   294:7   warning  'showAll' is assigned a value but never used        no-unused-vars
   294:28  warning  'disp' is assigned a value but never used           no-unused-vars
   301:7   warning  'set' is assigned a value but never used            no-unused-vars
   325:34  warning  'anime' is not defined                              no-undef
   335:29  warning  'speed' is assigned a value but never used          no-unused-vars
   349:15  warning  'Typed' is not defined                              no-undef
   351:22  warning  'anime' is not defined                              no-undef
   369:19  warning  'src' is not defined                                no-undef
   488:17  warning  'anime' is not defined                              no-undef
   642:10  warning  'cursorPointer' is defined but never used           no-unused-vars
   886:10  warning  'i' is not defined                                  no-undef
   887:18  warning  'i' is not defined                                  no-undef
   889:10  warning  'i' is not defined                                  no-undef
   890:11  warning  'i' is not defined                                  no-undef
   890:28  warning  'i' is not defined                                  no-undef
   890:48  warning  'i' is not defined                                  no-undef
   893:25  warning  'i' is not defined                                  no-undef
   962:6   warning  'intro' is not defined                              no-undef
   997:18  warning  'anime' is not defined                              no-undef
  1019:34  warning  'Typed' is not defined                              no-undef
  1055:6   warning  'objective' is not defined                          no-undef
  1071:9   warning  'anime' is not defined                              no-undef
  1248:6   warning  'step1' is not defined                              no-undef
  1343:11  warning  'anime' is not defined                              no-undef
  1400:11  warning  'anime' is not defined                              no-undef
  1457:11  warning  'anime' is not defined                              no-undef
  1517:15  warning  'anime' is not defined                              no-undef
  1572:15  warning  'anime' is not defined                              no-undef
  1606:15  warning  'anime' is not defined                              no-undef
  1651:6   warning  'step2' is not defined                              no-undef
  1845:11  warning  'anime' is not defined                              no-undef
  1975:11  warning  'anime' is not defined                              no-undef
  2076:11  warning  'anime' is not defined                              no-undef
  2131:6   warning  'step3' is not defined                              no-undef
  2381:11  warning  'anime' is not defined                              no-undef
  2424:11  warning  'anime' is not defined                              no-undef
  2467:11  warning  'anime' is not defined                              no-undef
  2499:15  warning  'anime' is not defined                              no-undef
  2582:15  warning  'anime' is not defined                              no-undef
  2637:15  warning  'anime' is not defined                              no-undef
  2692:15  warning  'anime' is not defined                              no-undef
  2762:9   warning  'anime' is not defined                              no-undef
  2772:6   warning  'step6' is not defined                              no-undef
  3035:11  warning  'anime' is not defined                              no-undef
  3093:11  warning  'anime' is not defined                              no-undef
  3136:11  warning  'anime' is not defined                              no-undef
  3235:11  warning  'anime' is not defined                              no-undef
  3268:9   warning  'anime' is not defined                              no-undef
  3278:6   warning  'completed' is not defined                          no-undef
  3324:7   warning  'backDrawerItem' is not defined                     no-undef
  3325:7   warning  'backProgressBar' is not defined                    no-undef
  3340:9   warning  'nextDrawerItem' is not defined                     no-undef
  3341:9   warning  'nextProgressBar' is not defined                    no-undef
  3344:12  warning  Empty block statement                               no-empty

/home/runner/work/exp-beam-and-slab-using-flex-system-iitd/exp-beam-and-slab-using-flex-system-iitd/experiment/simulation/js/progressBar.js
   2:7  warning  'prevBtns' is assigned a value but never used         no-unused-vars
   3:7  warning  'nextBtns' is assigned a value but never used         no-unused-vars
  11:7  warning  'nextProgressBar' is assigned a value but never used  no-unused-vars
  18:7  warning  'backProgressBar' is assigned a value but never used  no-unused-vars

✖ 127 problems (0 errors, 127 warnings)

